--- https://www.flocksafety.com/blog/protect-hospital-and-healthcare-staff-with-flock-safety (exit 1)
Unreachable URL: https://www.flocksafety.com/blog/protect-hospital-and-healthcare-staff-with-flock-safety [2026-09-11T13:48:30.718Z] URL: https://www.flocksafety.com/blog/protect-hospital-and-healthcare-staff-with-flock-safety Error: Unreachable URL: https://www.flocksafety.com/blog/protect-hospital-and-healthcare-staff-with-flock-safety
--- https://www.flocksafety.com/blog/protect-yourself-from-job-scams-impersonating-flock-safety (exit 1)
Unreachable URL: https://www.flocksafety.com/blog/protect-yourself-from-job-scams-impersonating-flock-safety [2026-09-11T14:08:24.891Z] URL: https://www.flocksafety.com/blog/protect-yourself-from-job-scams-impersonating-flock-safety Error: Unreachable URL: https://www.flocksafety.com/blog/protect-yourself-from-job-scams-impersonating-flock-safety
--- https://www.flocksafety.com/blog/protecting-your-family-doorbell-camera-or-security-system (exit 1)
Unreachable URL: https://www.flocksafety.com/blog/protecting-your-family-doorbell-camera-or-security-system [2026-09-11T14:08:32.716Z] URL: https://www.flocksafety.com/blog/protecting-your-family-doorbell-camera-or-security-system Error: Unreachable URL: https://www.flocksafety.com/blog/protecting-your-family-doorbell-camera-or-security-system
--- https://www.flocksafety.com/blog/providing-evidence-in-a-california-break-in (exit 1)
Unreachable URL: https://www.flocksafety.com/blog/providing-evidence-in-a-california-break-in [2026-09-11T14:12:46.519Z] URL: https://www.flocksafety.com/blog/providing-evidence-in-a-california-break-in Error: Unreachable URL: https://www.flocksafety.com/blog/providing-evidence-in-a-california-break-in
--- https://www.flocksafety.com/blog/property-managers-beaumont-california (exit 1)
Capture timeout [2026-09-11T14:12:46.668Z] URL: https://www.flocksafety.com/blog/property-managers-beaumont-california Error: Capture timeout
--- https://www.flocksafety.com/blog/prosper-police-department-is-the-first-agency-in-texas-to-launch-flock-aerodome-drone-as-a-first-responder (exit 1)
Capture timeout [2026-09-11T14:14:15.185Z] URL: https://www.flocksafety.com/blog/prosper-police-department-is-the-first-agency-in-texas-to-launch-flock-aerodome-drone-as-a-first-responder Error: Capture timeout
--- https://www.flocksafety.com/blog/protect-home-from-robbery (exit 1)
Capture timeout [2026-09-11T14:14:15.884Z] URL: https://www.flocksafety.com/blog/protect-home-from-robbery Error: Capture timeout
--- https://www.flocksafety.com/blog/public-safety-drones (exit 1)
Unreachable URL: https://www.flocksafety.com/blog/public-safety-drones [2026-09-11T14:14:55.181Z] URL: https://www.flocksafety.com/blog/public-safety-drones Error: Unreachable URL: https://www.flocksafety.com/blog/public-safety-drones
--- https://www.flocksafety.com/blog/quick-installation-instant-security-flock-safety-neighborhood-cameras (exit 1)
Unreachable URL: https://www.flocksafety.com/blog/quick-installation-instant-security-flock-safety-neighborhood-cameras [2026-09-11T14:14:55.208Z] URL: https://www.flocksafety.com/blog/quick-installation-instant-security-flock-safety-neighborhood-cameras Error: Unreachable URL: https://www.flocksafety.com/blog/quick-installation-instant-security-flock-safety-neighborhood-cameras
--- https://www.flocksafety.com/blog/real-time-leads-real-world-outcomes (exit 1)
Unreachable URL: https://www.flocksafety.com/blog/real-time-leads-real-world-outcomes [2026-09-11T14:14:59.726Z] URL: https://www.flocksafety.com/blog/real-time-leads-real-world-outcomes Error: Unreachable URL: https://www.flocksafety.com/blog/real-time-leads-real-world-outcomes
--- https://www.flocksafety.com/blog/reading-franklin-in-full-what-the-founding-father-actually-said-about-safety (exit 1)
Unreachable URL: https://www.flocksafety.com/blog/reading-franklin-in-full-what-the-founding-father-actually-said-about-safety [2026-09-11T14:14:59.617Z] URL: https://www.flocksafety.com/blog/reading-franklin-in-full-what-the-founding-father-actually-said-about-safety Error: Unreachable URL: https://www.flocksafety.com/blog/reading-franklin-in-full-what-the-founding-father-actually-said-about-safety
--- https://www.flocksafety.com/blog/reddit-co-founder-alexis-ohanian-visits-flock-safety (exit 1)
Unreachable URL: https://www.flocksafety.com/blog/reddit-co-founder-alexis-ohanian-visits-flock-safety [2026-09-11T14:15:06.543Z] URL: https://www.flocksafety.com/blog/reddit-co-founder-alexis-ohanian-visits-flock-safety Error: Unreachable URL: https://www.flocksafety.com/blog/reddit-co-founder-alexis-ohanian-visits-flock-safety
--- https://www.flocksafety.com/blog/realty-group-eliminates-crime-using-flock-safety (exit 1)
Unreachable URL: https://www.flocksafety.com/blog/realty-group-eliminates-crime-using-flock-safety [2026-09-11T14:15:06.545Z] URL: https://www.flocksafety.com/blog/realty-group-eliminates-crime-using-flock-safety Error: Unreachable URL: https://www.flocksafety.com/blog/realty-group-eliminates-crime-using-flock-safety
--- https://www.flocksafety.com/blog/residents-use-license-plate-camera-to-ward-off-crime (exit 1)
Unreachable URL: https://www.flocksafety.com/blog/residents-use-license-plate-camera-to-ward-off-crime [2026-09-11T14:15:11.590Z] URL: https://www.flocksafety.com/blog/residents-use-license-plate-camera-to-ward-off-crime Error: Unreachable URL: https://www.flocksafety.com/blog/residents-use-license-plate-camera-to-ward-off-crime
--- https://www.flocksafety.com/blog/reduce-case-backlogs-and-overtime-with-tech (exit 1)
Unreachable URL: https://www.flocksafety.com/blog/reduce-case-backlogs-and-overtime-with-tech [2026-09-11T14:15:11.629Z] URL: https://www.flocksafety.com/blog/reduce-case-backlogs-and-overtime-with-tech Error: Unreachable URL: https://www.flocksafety.com/blog/reduce-case-backlogs-and-overtime-with-tech
--- https://www.flocksafety.com/blog/responsive-by-design-officers-equipped-for-the-moment (exit 1)
Unreachable URL: https://www.flocksafety.com/blog/responsive-by-design-officers-equipped-for-the-moment [2026-09-11T14:15:18.456Z] URL: https://www.flocksafety.com/blog/responsive-by-design-officers-equipped-for-the-moment Error: Unreachable URL: https://www.flocksafety.com/blog/responsive-by-design-officers-equipped-for-the-moment
--- https://www.flocksafety.com/blog/response-to-compiled-security-research-on-flock-safety-devices (exit 1)
Unreachable URL: https://www.flocksafety.com/blog/response-to-compiled-security-research-on-flock-safety-devices [2026-09-11T14:15:18.523Z] URL: https://www.flocksafety.com/blog/response-to-compiled-security-research-on-flock-safety-devices Error: Unreachable URL: https://www.flocksafety.com/blog/response-to-compiled-security-research-on-flock-safety-devices
